
(gdb) b main
Breakpoint 1 at 0x84b: file p3original.c, line 29.
(gdb) r
Starting program: /home/runner/Test2Session1/a.out 
warning: Error disabling address space randomization: Operation not permitted

Breakpoint 1, main () at p3original.c:29
29    n=input_number();
(gdb) s
input_number () at p3original.c:3
3   {
(gdb) n
5     printf("Enter Any Number To Check Whether it is Prime or Not\n");
(gdb) n
Enter Any Number To Check Whether it is Prime or Not
6     scanf("%d",&n);
(gdb) n
3
7     return n;
(gdb) n
8   }
(gdb) n
main () at p3original.c:30
30    result=is_prime(n);
(gdb) s
is_prime (n=3) at p3original.c:12
12    for(i=1;i<n/2;i++)
(gdb) p i
$1 = -1014028257
(gdb) n
17    return 0;
(gdb) p i
$2 = 1
(gdb) p is_prime
$3 = {int (int)} 0x556a698007be <is_prime>
(gdb) n
18  }
(gdb) n
main () at p3original.c:31
31    output(n,result);
(gdb) s
output (n=3, is_prime=0) at p3original.c:21
21    if(is_prime==1)
(gdb) p i
No symbol "i" in current context.
(gdb) n
24      printf("%d is  Prime Number \n",n);
(gdb) p n
$4 = 3
îº§ gdb a.out
GNU gdb (Ubuntu 8.1.1-0ubuntu1) 8.1.1
Copyright (C) 2018 Free Software Foundation, Inc.
License GPLv3+: GNU GPL version 3 or later <http://gnu.org/licenses/gpl.html>
This is free software: you are free to change and redistribute it.
There is NO WARRANTY, to the extent permitted by law.  Type "show copying"
and "show warranty" for details.
This GDB was configured as "x86_64-linux-gnu".
Type "show configuration" for configuration details.
For bug reporting instructions, please see:
<http://www.gnu.org/software/gdb/bugs/>.
Find the GDB manual and other documentation resources online at:
<http://www.gnu.org/software/gdb/documentation/>.
For help, type "help".
Type "apropos word" to search for commands related to "word"...
Reading symbols from a.out...done.
(gdb) b main
Breakpoint 1 at 0x84b: file p3original.c, line 29.
(gdb) r
Starting program: /home/runner/Test2Session1/a.out 
warning: Error disabling address space randomization: Operation not permitted

Breakpoint 1, main () at p3original.c:29
29    n=input_number();
(gdb) s
input_number () at p3original.c:3
3   {
(gdb) n
5     printf("Enter Any Number To Check Whether it is Prime or Not\n");
(gdb) n
Enter Any Number To Check Whether it is Prime or Not
6     scanf("%d",&n);
(gdb) n
5
7     return n;
(gdb) n
8   }
(gdb) n
main () at p3original.c:30
30    result=is_prime(n);
(gdb) s
is_prime (n=5) at p3original.c:12
12    for(i=1;i<n/2;i++)
(gdb) p i
$1 = -1606274908
(gdb) n
14        if((n%i)==0)
(gdb) p i
$2 = 1
(gdb) n
15          return 1;
(gdb) p n%i
$3 = 0
(gdb) n
18  }
(gdb) n
main () at p3original.c:31
31    output(n,result);
(gdb) s
output (n=5, is_prime=1) at p3original.c:21
21    if(is_prime==1)
(gdb) n
22      printf("%d is Not Prime number\n",n);
(gdb) n
5 is Not Prime number
25  }
(gdb) c
Continuing.