
 gcc -g p3original.c
 ./a.out
Enter any Number 
3
3 is Prime Number 
 ./a.out
Enter any Number 
7
7 is Prime Number 
 ./a.out
Enter any Number 
2
2 is Prime Number 
 ./a.out
Enter any Number 
6
6 is not Prime Number 
 (gdb) b main
No symbol table is loaded.  Use the "file" command.
Make breakpoint pending on future shared library load? (y or [n]) y
Breakpoint 1 (main) pending.
(gdb) r
Starting program:  
warning: Error disabling address space randomization: Operation not permitted
No executable file specified.
Use the "file" or "exec-file" command.
(gdb) n
The program is not being run.
(gdb) q
 gcc -g p3original.c
 ./a.out
Enter Any Number To Check Whether it is Prime or Not
4
4 is Not Prime number
 gdb a.out
GNU gdb (Ubuntu 8.1.1-0ubuntu1) 8.1.1
Copyright (C) 2018 Free Software Foundation, Inc.
License GPLv3+: GNU GPL version 3 or later <http://gnu.org/licenses/gpl.html>
This is free software: you are free to change and redistribute it.
There is NO WARRANTY, to the extent permitted by law.  Type "show copying"
and "show warranty" for details.
This GDB was configured as "x86_64-linux-gnu".
Type "show configuration" for configuration details.
For bug reporting instructions, please see:
<http://www.gnu.org/software/gdb/bugs/>.
Find the GDB manual and other documentation resources online at:
<http://www.gnu.org/software/gdb/documentation/>.
For help, type "help".
Type "apropos word" to search for commands related to "word"...
Reading symbols from a.out...done.
(gdb) b main
Breakpoint 1 at 0x842: file p3original.c, line 28.
(gdb) n
The program is not being run.
(gdb) r
Starting program: /home/runner/Test2Session1-7/a.out 
warning: Error disabling address space randomization: Operation not permitted

Breakpoint 1, main () at p3original.c:28
28    n=input_number();
(gdb) s
input_number () at p3original.c:3
3   {
(gdb) n
5     printf("Enter Any Number To Check Whether it is Prime or Not\n");
(gdb) n
Enter Any Number To Check Whether it is Prime or Not
6     scanf("%d",&n);
(gdb) n
7
7     return n;
(gdb) n
8   }
(gdb) n
main () at p3original.c:29
29    result=is_prime(n);
(gdb) s
is_prime (n=7) at p3original.c:11
11    for(int i=2;i<n;i++)
(gdb) n
13        if((n%i)==0)
(gdb) p i
$1 = 2
(gdb) n
11    for(int i=2;i<n;i++)
(gdb) p n%i
$2 = 1
(gdb) n
13        if((n%i)==0)
(gdb) p i
$3 = 3
(gdb) n
11    for(int i=2;i<n;i++)
(gdb) p n%i
$4 = 1
(gdb) n
13        if((n%i)==0)
(gdb) p i
$5 = 4
(gdb) p n%i
$6 = 3
(gdb) n
11    for(int i=2;i<n;i++)
(gdb) p i
$7 = 4
(gdb) n
13        if((n%i)==0)
(gdb) p n%i
$8 = 2
(gdb) p i
$9 = 5
(gdb) n
11    for(int i=2;i<n;i++)
(gdb) n
13        if((n%i)==0)
(gdb) p i
$10 = 6
(gdb) p n%i
$11 = 1
(gdb) n
11    for(int i=2;i<n;i++)
(gdb) n
16    return 0;
(gdb) n
17  }
(gdb) n
main () at p3original.c:30
30    output(n,result);
(gdb) s
output (n=7, is_prime=0) at p3original.c:20
20    if(is_prime==1)
(gdb) n
23      printf("%d is  Prime Number \n",n);
(gdb) n
7 is  Prime Number 
24  }
(gdb) n
main () at p3original.c:31
31    return 0;
(gdb) c
Continuing.